// Jest Snapshot v1, https://goo.gl/fbAQLP

exports[`Grid should match snapshot 1`] = `
<styled.div
  columns={2}
  currentArea={0}
  rows={2}
  totalColumns={2}
>
  <QuoteTile
    key="1"
    text="essai"
  />
  <VideoTile
    key="2"
    thumbnail=""
    url=""
  />
  <PhotoTile
    key="3"
    thumbnail=""
    url=""
  />
  <QuoteTile
    key="4"
    text="essai"
  />
</styled.div>
`;
